#
# There is insufficient memory for the Java Runtime Environment to continue.
# Native memory allocation (malloc) failed to allocate 32744 bytes. Error detail: Chunk::new
# Possible reasons:
#   The system is out of physical RAM or swap space
#   This process is running with CompressedOops enabled, and the Java Heap may be blocking the growth of the native heap
# Possible solutions:
#   Reduce memory load on the system
#   Increase physical memory or swap space
#   Check if swap backing store is full
#   Decrease Java heap size (-Xmx/-Xms)
#   Decrease number of Java threads
#   Decrease Java thread stack sizes (-Xss)
#   Set larger code cache with -XX:ReservedCodeCacheSize=
#   JVM is running with Unscaled Compressed Oops mode in which the Java heap is
#     placed in the first 4GB address space. The Java Heap base address is the
#     maximum limit for the native heap growth. Please use -XX:HeapBaseMinAddress
#     to set the Java Heap base and to place the Java Heap above 4GB virtual address.
# This output file may be truncated or incomplete.
#
#  Out of Memory Error (arena.cpp:162), pid=1748, tid=23908
#
# JRE version: Java(TM) SE Runtime Environment (24.0.2+12) (build 24.0.2+12-54)
# Java VM: Java HotSpot(TM) 64-Bit Server VM (24.0.2+12-54, mixed mode, sharing, tiered, compressed oops, compressed class ptrs, g1 gc, windows-amd64)
# No core dump will be written. Minidumps are not enabled by default on client versions of Windows
#

---------------  S U M M A R Y ------------

Command Line: -Dfile.encoding=UTF-8 --module-path=D:\Gutierrez\Documentos\NetBeansProjects\PROYECTO_PARCIAL-1\build\classes Proyecto.PanelGeneral

Host: Intel(R) Core(TM) i3-10110U CPU @ 2.10GHz, 4 cores, 7G,  Windows 11 , 64 bit Build 26100 (10.0.26100.6725)
Time: Sat Oct 18 09:34:23 2025 Hora est. Pacífico, Sudamérica elapsed time: 191.730791 seconds (0d 0h 3m 11s)

---------------  T H R E A D  ---------------

Current thread (0x00000242a1020090):  JavaThread "C2 CompilerThread0" daemon [_thread_in_native, id=23908, stack(0x0000004df9400000,0x0000004df9500000) (1024K)]


Current CompileTask:
C2:191731 1425 %     4       sun.java2d.marlin.Renderer::_endRendering @ 272 (2646 bytes)

Stack: [0x0000004df9400000,0x0000004df9500000]
Native frames: (J=compiled Java code, j=interpreted, Vv=VM code, C=native code)
V  [jvm.dll+0x730829]  (no source info available)
V  [jvm.dll+0x8d9da3]  (no source info available)
V  [jvm.dll+0x8dc28d]  (no source info available)
V  [jvm.dll+0x8dc903]  (no source info available)
V  [jvm.dll+0x2a9f56]  (no source info available)
V  [jvm.dll+0xced7f]  (no source info available)
V  [jvm.dll+0xcefdf]  (no source info available)
V  [jvm.dll+0xcec27]  (no source info available)
V  [jvm.dll+0x8c2a4c]  (no source info available)
V  [jvm.dll+0x276583]  (no source info available)
V  [jvm.dll+0x755e2b]  (no source info available)
V  [jvm.dll+0x26e70f]  (no source info available)
V  [jvm.dll+0x1e9c90]  (no source info available)
V  [jvm.dll+0x27e0cb]  (no source info available)
V  [jvm.dll+0x27c36a]  (no source info available)
V  [jvm.dll+0x42f396]  (no source info available)
V  [jvm.dll+0x87d9eb]  (no source info available)
V  [jvm.dll+0x72ef45]  (no source info available)
C  [ucrtbase.dll+0x37b0]  (no source info available)
C  [KERNEL32.DLL+0x2e8d7]  (no source info available)
C  [ntdll.dll+0x8c53c]  (no source info available)

Lock stack of current Java thread (top to bottom):


---------------  P R O C E S S  ---------------

Threads class SMR info:
_java_thread_list=0x00000242a1a86ec0, length=15, elements={
0x000002425bd50e60, 0x000002425bd51b90, 0x000002425bd5ff80, 0x000002425bd60be0,
0x000002425bd64470, 0x000002425bd64bc0, 0x00000242a1020090, 0x00000242a1020c30,
0x000002425bd61890, 0x000002425bd62730, 0x000002425bd635d0, 0x000002425bd61fe0,
0x000002425bd63d20, 0x000002425bd62e80, 0x00000242a186ef70
}

Java Threads: ( => current thread )
  0x000002425bd50e60 JavaThread "Reference Handler"          daemon [_thread_blocked, id=9280, stack(0x0000004df8e00000,0x0000004df8f00000) (1024K)]
  0x000002425bd51b90 JavaThread "Finalizer"                  daemon [_thread_blocked, id=23436, stack(0x0000004df8f00000,0x0000004df9000000) (1024K)]
  0x000002425bd5ff80 JavaThread "Signal Dispatcher"          daemon [_thread_blocked, id=17196, stack(0x0000004df9000000,0x0000004df9100000) (1024K)]
  0x000002425bd60be0 JavaThread "Attach Listener"            daemon [_thread_blocked, id=4396, stack(0x0000004df9100000,0x0000004df9200000) (1024K)]
  0x000002425bd64470 JavaThread "Service Thread"             daemon [_thread_blocked, id=9436, stack(0x0000004df9200000,0x0000004df9300000) (1024K)]
  0x000002425bd64bc0 JavaThread "Monitor Deflation Thread"   daemon [_thread_blocked, id=23728, stack(0x0000004df9300000,0x0000004df9400000) (1024K)]
=>0x00000242a1020090 JavaThread "C2 CompilerThread0"         daemon [_thread_in_native, id=23908, stack(0x0000004df9400000,0x0000004df9500000) (1024K)]
  0x00000242a1020c30 JavaThread "C1 CompilerThread0"         daemon [_thread_blocked, id=17428, stack(0x0000004df9500000,0x0000004df9600000) (1024K)]
  0x000002425bd61890 JavaThread "Common-Cleaner"             daemon [_thread_blocked, id=16508, stack(0x0000004df9600000,0x0000004df9700000) (1024K)]
  0x000002425bd62730 JavaThread "Notification Thread"        daemon [_thread_blocked, id=13296, stack(0x0000004df9800000,0x0000004df9900000) (1024K)]
  0x000002425bd635d0 JavaThread "Java2D Disposer"            daemon [_thread_blocked, id=20696, stack(0x0000004df9900000,0x0000004df9a00000) (1024K)]
  0x000002425bd61fe0 JavaThread "AWT-Shutdown"                      [_thread_blocked, id=3620, stack(0x0000004df9a00000,0x0000004df9b00000) (1024K)]
  0x000002425bd63d20 JavaThread "AWT-Windows"                daemon [_thread_in_native, id=22180, stack(0x0000004df9b00000,0x0000004df9c00000) (1024K)]
  0x000002425bd62e80 JavaThread "AWT-EventQueue-0"                  [_thread_blocked, id=21276, stack(0x0000004df9c00000,0x0000004df9d00000) (1024K)]
  0x00000242a186ef70 JavaThread "DestroyJavaVM"                     [_thread_blocked, id=704, stack(0x0000004df8600000,0x0000004df8700000) (1024K)]
Total: 15

Other Threads:
  0x000002425bd3f490 VMThread "VM Thread"                           [id=8176, stack(0x0000004df8d00000,0x0000004df8e00000) (1024K)]
  0x000002425bd2d7b0 WatcherThread "VM Periodic Task Thread"        [id=14172, stack(0x0000004df8c00000,0x0000004df8d00000) (1024K)]
  0x000002423f8bd4d0 WorkerThread "GC Thread#0"                     [id=24184, stack(0x0000004df8700000,0x0000004df8800000) (1024K)]
  0x00000242a1a3c440 WorkerThread "GC Thread#1"                     [id=12316, stack(0x0000004df9e00000,0x0000004df9f00000) (1024K)]
  0x00000242a1a3c7f0 WorkerThread "GC Thread#2"                     [id=11344, stack(0x0000004df9f00000,0x0000004dfa000000) (1024K)]
  0x00000242a1a3cba0 WorkerThread "GC Thread#3"                     [id=18576, stack(0x0000004dfa000000,0x0000004dfa100000) (1024K)]
  0x000002423f8d2ef0 ConcurrentGCThread "G1 Main Marker"            [id=21400, stack(0x0000004df8800000,0x0000004df8900000) (1024K)]
  0x000002423f8d3a00 WorkerThread "G1 Conc#0"                       [id=2260, stack(0x0000004df8900000,0x0000004df8a00000) (1024K)]
  0x000002425bbee2b0 ConcurrentGCThread "G1 Refine#0"               [id=21724, stack(0x0000004df8a00000,0x0000004df8b00000) (1024K)]
  0x000002425bbefaf0 ConcurrentGCThread "G1 Service"                [id=1704, stack(0x0000004df8b00000,0x0000004df8c00000) (1024K)]
Total: 10

Threads with active compile tasks:
C2 CompilerThread0  192105 1425 %     4       sun.java2d.marlin.Renderer::_endRendering @ 272 (2646 bytes)
Total: 1

VM state: not at safepoint (normal execution)

VM Mutex/Monitor currently owned by a thread: None

Heap address: 0x0000000082800000, size: 2008 MB, Compressed Oops mode: 32-bit

CDS archive(s) mapped at: [0x000002425c000000-0x000002425cd40000-0x000002425cd40000), size 13893632, SharedBaseAddress: 0x000002425c000000, ArchiveRelocationMode: 1.
Compressed class space mapped at: 0x000002425d000000-0x000002429d000000, reserved size: 1073741824
UseCompressedClassPointers 1, UseCompactObjectHeaders 0
Narrow klass pointer bits 32, Max shift 3
Narrow klass base: 0x000002425c000000, Narrow klass shift: 0
Encoding Range: [0x000002425c000000 - 0x000002435c000000), (4294967296 bytes)
Klass Range:    [0x000002425c000000 - 0x000002429d000000), (1090519040 bytes)
Klass ID Range:  [8 - 1090519033) (1090519025)

GC Precious Log:
 CardTable entry size: 512
 Card Set container configuration: InlinePtr #cards 5 size 8 Array Of Cards #cards 10 size 36 Howl #buckets 4 coarsen threshold 1843 Howl Bitmap #cards 512 size 80 coarsen threshold 460 Card regions per heap region 1 cards per card region 2048
 CPUs: 4 total, 4 available
 Memory: 8026M
 Large Page Support: Disabled
 NUMA Support: Disabled
 Compressed Oops: Enabled (32-bit)
 Heap Region Size: 1M
 Heap Min Capacity: 8M
 Heap Initial Capacity: 126M
 Heap Max Capacity: 2008M
 Pre-touch: Disabled
 Parallel Workers: 4
 Concurrent Workers: 1
 Concurrent Refinement Workers: 4
 Periodic GC: Disabled

Heap:
 garbage-first heap   total reserved 2056192K, committed 132096K, used 103793K [0x0000000082800000, 0x0000000100000000)
  region size 1024K, 8 young (8192K), 1 survivors (1024K)
 Metaspace       used 9941K, committed 10112K, reserved 1114112K
  class space    used 961K, committed 1024K, reserved 1048576K

Heap Regions: E=young(eden), S=young(survivor), O=old, HS=humongous(starts), HC=humongous(continues), CS=collection set, F=free, TAMS=top-at-mark-start, PB=parsable bottom
|   0|0x0000000082800000, 0x0000000082900000, 0x0000000082900000|100%|HS|  |TAMS 0x0000000082800000| PB 0x0000000082800000| Complete |  0
|   1|0x0000000082900000, 0x0000000082a00000, 0x0000000082a00000|100%|HC|  |TAMS 0x0000000082900000| PB 0x0000000082900000| Complete |  0
|   2|0x0000000082a00000, 0x0000000082b00000, 0x0000000082b00000|100%|HC|  |TAMS 0x0000000082a00000| PB 0x0000000082a00000| Complete |  0
|   3|0x0000000082b00000, 0x0000000082c00000, 0x0000000082c00000|100%|HC|  |TAMS 0x0000000082b00000| PB 0x0000000082b00000| Complete |  0
|   4|0x0000000082c00000, 0x0000000082d00000, 0x0000000082d00000|100%|HC|  |TAMS 0x0000000082c00000| PB 0x0000000082c00000| Complete |  0
|   5|0x0000000082d00000, 0x0000000082e00000, 0x0000000082e00000|100%|HC|  |TAMS 0x0000000082d00000| PB 0x0000000082d00000| Complete |  0
|   6|0x0000000082e00000, 0x0000000082f00000, 0x0000000082f00000|100%|HC|  |TAMS 0x0000000082e00000| PB 0x0000000082e00000| Complete |  0
|   7|0x0000000082f00000, 0x0000000083000000, 0x0000000083000000|100%|HC|  |TAMS 0x0000000082f00000| PB 0x0000000082f00000| Complete |  0
|   8|0x0000000083000000, 0x0000000083100000, 0x0000000083100000|100%|HC|  |TAMS 0x0000000083000000| PB 0x0000000083000000| Complete |  0
|   9|0x0000000083100000, 0x0000000083200000, 0x0000000083200000|100%|HC|  |TAMS 0x0000000083100000| PB 0x0000000083100000| Complete |  0
|  10|0x0000000083200000, 0x0000000083300000, 0x0000000083300000|100%|HC|  |TAMS 0x0000000083200000| PB 0x0000000083200000| Complete |  0
|  11|0x0000000083300000, 0x0000000083400000, 0x0000000083400000|100%|HC|  |TAMS 0x0000000083300000| PB 0x0000000083300000| Complete |  0
|  12|0x0000000083400000, 0x0000000083500000, 0x0000000083500000|100%|HC|  |TAMS 0x0000000083400000| PB 0x0000000083400000| Complete |  0
|  13|0x0000000083500000, 0x0000000083600000, 0x0000000083600000|100%|HC|  |TAMS 0x0000000083500000| PB 0x0000000083500000| Complete |  0
|  14|0x0000000083600000, 0x0000000083700000, 0x0000000083700000|100%|HC|  |TAMS 0x0000000083600000| PB 0x0000000083600000| Complete |  0
|  15|0x0000000083700000, 0x0000000083800000, 0x0000000083800000|100%|HC|  |TAMS 0x0000000083700000| PB 0x0000000083700000| Complete |  0
|  16|0x0000000083800000, 0x0000000083900000, 0x0000000083900000|100%|HC|  |TAMS 0x0000000083800000| PB 0x0000000083800000| Complete |  0
|  17|0x0000000083900000, 0x0000000083a00000, 0x0000000083a00000|100%|HC|  |TAMS 0x0000000083900000| PB 0x0000000083900000| Complete |  0
|  18|0x0000000083a00000, 0x0000000083b00000, 0x0000000083b00000|100%|HC|  |TAMS 0x0000000083a00000| PB 0x0000000083a00000| Complete |  0
|  19|0x0000000083b00000, 0x0000000083c00000, 0x0000000083c00000|100%|HC|  |TAMS 0x0000000083b00000| PB 0x0000000083b00000| Complete |  0
|  20|0x0000000083c00000, 0x0000000083d00000, 0x0000000083d00000|100%|HC|  |TAMS 0x0000000083c00000| PB 0x0000000083c00000| Complete |  0
|  21|0x0000000083d00000, 0x0000000083e00000, 0x0000000083e00000|100%|HC|  |TAMS 0x0000000083d00000| PB 0x0000000083d00000| Complete |  0
|  22|0x0000000083e00000, 0x0000000083f00000, 0x0000000083f00000|100%|HC|  |TAMS 0x0000000083e00000| PB 0x0000000083e00000| Complete |  0
|  23|0x0000000083f00000, 0x0000000084000000, 0x0000000084000000|100%|HC|  |TAMS 0x0000000083f00000| PB 0x0000000083f00000| Complete |  0
|  24|0x0000000084000000, 0x0000000084100000, 0x0000000084100000|100%|HC|  |TAMS 0x0000000084000000| PB 0x0000000084000000| Complete |  0
|  25|0x0000000084100000, 0x0000000084200000, 0x0000000084200000|100%|HC|  |TAMS 0x0000000084100000| PB 0x0000000084100000| Complete |  0
|  26|0x0000000084200000, 0x0000000084300000, 0x0000000084300000|100%|HC|  |TAMS 0x0000000084200000| PB 0x0000000084200000| Complete |  0
|  27|0x0000000084300000, 0x0000000084400000, 0x0000000084400000|100%|HC|  |TAMS 0x0000000084300000| PB 0x0000000084300000| Complete |  0
|  28|0x0000000084400000, 0x0000000084500000, 0x0000000084500000|100%|HC|  |TAMS 0x0000000084400000| PB 0x0000000084400000| Complete |  0
|  29|0x0000000084500000, 0x0000000084600000, 0x0000000084600000|100%|HC|  |TAMS 0x0000000084500000| PB 0x0000000084500000| Complete |  0
|  30|0x0000000084600000, 0x0000000084700000, 0x0000000084700000|100%|HC|  |TAMS 0x0000000084600000| PB 0x0000000084600000| Complete |  0
|  31|0x0000000084700000, 0x0000000084800000, 0x0000000084800000|100%|HC|  |TAMS 0x0000000084700000| PB 0x0000000084700000| Complete |  0
|  32|0x0000000084800000, 0x0000000084900000, 0x0000000084900000|100%|HC|  |TAMS 0x0000000084800000| PB 0x0000000084800000| Complete |  0
|  33|0x0000000084900000, 0x0000000084a00000, 0x0000000084a00000|100%|HC|  |TAMS 0x0000000084900000| PB 0x0000000084900000| Complete |  0
|  34|0x0000000084a00000, 0x0000000084b00000, 0x0000000084b00000|100%|HC|  |TAMS 0x0000000084a00000| PB 0x0000000084a00000| Complete |  0
|  35|0x0000000084b00000, 0x0000000084c00000, 0x0000000084c00000|100%|HC|  |TAMS 0x0000000084b00000| PB 0x0000000084b00000| Complete |  0
|  36|0x0000000084c00000, 0x0000000084d00000, 0x0000000084d00000|100%|HC|  |TAMS 0x0000000084c00000| PB 0x0000000084c00000| Complete |  0
|  37|0x0000000084d00000, 0x0000000084e00000, 0x0000000084e00000|100%|HC|  |TAMS 0x0000000084d00000| PB 0x0000000084d00000| Complete |  0
|  38|0x0000000084e00000, 0x0000000084f00000, 0x0000000084f00000|100%|HC|  |TAMS 0x0000000084e00000| PB 0x0000000084e00000| Complete |  0
|  39|0x0000000084f00000, 0x0000000085000000, 0x0000000085000000|100%|HC|  |TAMS 0x0000000084f00000| PB 0x0000000084f00000| Complete |  0
|  40|0x0000000085000000, 0x0000000085100000, 0x0000000085100000|100%|HC|  |TAMS 0x0000000085000000| PB 0x0000000085000000| Complete |  0
|  41|0x0000000085100000, 0x0000000085200000, 0x0000000085200000|100%|HC|  |TAMS 0x0000000085100000| PB 0x0000000085100000| Complete |  0
|  42|0x0000000085200000, 0x0000000085300000, 0x0000000085300000|100%|HC|  |TAMS 0x0000000085200000| PB 0x0000000085200000| Complete |  0
|  43|0x0000000085300000, 0x0000000085400000, 0x0000000085400000|100%|HC|  |TAMS 0x0000000085300000| PB 0x0000000085300000| Complete |  0
|  44|0x0000000085400000, 0x0000000085500000, 0x0000000085500000|100%|HC|  |TAMS 0x0000000085400000| PB 0x0000000085400000| Complete |  0
|  45|0x0000000085500000, 0x0000000085600000, 0x0000000085600000|100%|HC|  |TAMS 0x0000000085500000| PB 0x0000000085500000| Complete |  0
|  46|0x0000000085600000, 0x0000000085700000, 0x0000000085700000|100%|HC|  |TAMS 0x0000000085600000| PB 0x0000000085600000| Complete |  0
|  47|0x0000000085700000, 0x0000000085800000, 0x0000000085800000|100%|HC|  |TAMS 0x0000000085700000| PB 0x0000000085700000| Complete |  0
|  48|0x0000000085800000, 0x0000000085900000, 0x0000000085900000|100%|HC|  |TAMS 0x0000000085800000| PB 0x0000000085800000| Complete |  0
|  49|0x0000000085900000, 0x0000000085a00000, 0x0000000085a00000|100%|HC|  |TAMS 0x0000000085900000| PB 0x0000000085900000| Complete |  0
|  50|0x0000000085a00000, 0x0000000085b00000, 0x0000000085b00000|100%|HC|  |TAMS 0x0000000085a00000| PB 0x0000000085a00000| Complete |  0
|  51|0x0000000085b00000, 0x0000000085c00000, 0x0000000085c00000|100%|HC|  |TAMS 0x0000000085b00000| PB 0x0000000085b00000| Complete |  0
|  52|0x0000000085c00000, 0x0000000085d00000, 0x0000000085d00000|100%|HC|  |TAMS 0x0000000085c00000| PB 0x0000000085c00000| Complete |  0
|  53|0x0000000085d00000, 0x0000000085e00000, 0x0000000085e00000|100%|HC|  |TAMS 0x0000000085d00000| PB 0x0000000085d00000| Complete |  0
|  54|0x0000000085e00000, 0x0000000085f00000, 0x0000000085f00000|100%|HC|  |TAMS 0x0000000085e00000| PB 0x0000000085e00000| Complete |  0
|  55|0x0000000085f00000, 0x0000000086000000, 0x0000000086000000|100%|HC|  |TAMS 0x0000000085f00000| PB 0x0000000085f00000| Complete |  0
|  56|0x0000000086000000, 0x0000000086100000, 0x0000000086100000|100%|HC|  |TAMS 0x0000000086000000| PB 0x0000000086000000| Complete |  0
|  57|0x0000000086100000, 0x0000000086200000, 0x0000000086200000|100%|HC|  |TAMS 0x0000000086100000| PB 0x0000000086100000| Complete |  0
|  58|0x0000000086200000, 0x0000000086300000, 0x0000000086300000|100%|HC|  |TAMS 0x0000000086200000| PB 0x0000000086200000| Complete |  0
|  59|0x0000000086300000, 0x0000000086400000, 0x0000000086400000|100%|HC|  |TAMS 0x0000000086300000| PB 0x0000000086300000| Complete |  0
|  60|0x0000000086400000, 0x0000000086500000, 0x0000000086500000|100%|HC|  |TAMS 0x0000000086400000| PB 0x0000000086400000| Complete |  0
|  61|0x0000000086500000, 0x0000000086600000, 0x0000000086600000|100%|HC|  |TAMS 0x0000000086500000| PB 0x0000000086500000| Complete |  0
|  62|0x0000000086600000, 0x0000000086700000, 0x0000000086700000|100%|HC|  |TAMS 0x0000000086600000| PB 0x0000000086600000| Complete |  0
|  63|0x0000000086700000, 0x0000000086800000, 0x0000000086800000|100%|HC|  |TAMS 0x0000000086700000| PB 0x0000000086700000| Complete |  0
|  64|0x0000000086800000, 0x0000000086900000, 0x0000000086900000|100%|HC|  |TAMS 0x0000000086800000| PB 0x0000000086800000| Complete |  0
|  65|0x0000000086900000, 0x0000000086a00000, 0x0000000086a00000|100%|HC|  |TAMS 0x0000000086900000| PB 0x0000000086900000| Complete |  0
|  66|0x0000000086a00000, 0x0000000086b00000, 0x0000000086b00000|100%|HC|  |TAMS 0x0000000086a00000| PB 0x0000000086a00000| Complete |  0
|  67|0x0000000086b00000, 0x0000000086c00000, 0x0000000086c00000|100%|HC|  |TAMS 0x0000000086b00000| PB 0x0000000086b00000| Complete |  0
|  68|0x0000000086c00000, 0x0000000086d00000, 0x0000000086d00000|100%|HC|  |TAMS 0x0000000086c00000| PB 0x0000000086c00000| Complete |  0
|  69|0x0000000086d00000, 0x0000000086e00000, 0x0000000086e00000|100%|HS|  |TAMS 0x0000000086d00000| PB 0x0000000086d00000| Complete |  0
|  70|0x0000000086e00000, 0x0000000086f00000, 0x0000000086f00000|100%|HC|  |TAMS 0x0000000086e00000| PB 0x0000000086e00000| Complete |  0
|  71|0x0000000086f00000, 0x0000000087000000, 0x0000000087000000|100%| O|  |TAMS 0x0000000086f00000| PB 0x0000000086f00000| Untracked |  0
|  72|0x0000000087000000, 0x0000000087100000, 0x0000000087100000|100%| O|  |TAMS 0x0000000087000000| PB 0x0000000087000000| Untracked |  0
|  73|0x0000000087100000, 0x0000000087183010, 0x0000000087200000| 51%| O|  |TAMS 0x0000000087100000| PB 0x0000000087100000| Untracked |  0
|  74|0x0000000087200000, 0x0000000087300000, 0x0000000087300000|100%|HS|  |TAMS 0x0000000087200000| PB 0x0000000087200000| Complete |  0
|  75|0x0000000087300000, 0x0000000087400000, 0x0000000087400000|100%|HC|  |TAMS 0x0000000087300000| PB 0x0000000087300000| Complete |  0
|  76|0x0000000087400000, 0x0000000087500000, 0x0000000087500000|100%|HC|  |TAMS 0x0000000087400000| PB 0x0000000087400000| Complete |  0
|  77|0x0000000087500000, 0x0000000087600000, 0x0000000087600000|100%|HC|  |TAMS 0x0000000087500000| PB 0x0000000087500000| Complete |  0
|  78|0x0000000087600000, 0x0000000087700000, 0x0000000087700000|100%|HC|  |TAMS 0x0000000087600000| PB 0x0000000087600000| Complete |  0
|  79|0x0000000087700000, 0x0000000087800000, 0x0000000087800000|100%|HC|  |TAMS 0x0000000087700000| PB 0x0000000087700000| Complete |  0
|  80|0x0000000087800000, 0x0000000087900000, 0x0000000087900000|100%|HC|  |TAMS 0x0000000087800000| PB 0x0000000087800000| Complete |  0
|  81|0x0000000087900000, 0x0000000087a00000, 0x0000000087a00000|100%|HC|  |TAMS 0x0000000087900000| PB 0x0000000087900000| Complete |  0
|  82|0x0000000087a00000, 0x0000000087b00000, 0x0000000087b00000|100%|HS|  |TAMS 0x0000000087a00000| PB 0x0000000087a00000| Complete |  0
|  83|0x0000000087b00000, 0x0000000087c00000, 0x0000000087c00000|100%|HC|  |TAMS 0x0000000087b00000| PB 0x0000000087b00000| Complete |  0
|  84|0x0000000087c00000, 0x0000000087d00000, 0x0000000087d00000|100%|HC|  |TAMS 0x0000000087c00000| PB 0x0000000087c00000| Complete |  0
|  85|0x0000000087d00000, 0x0000000087e00000, 0x0000000087e00000|100%|HC|  |TAMS 0x0000000087d00000| PB 0x0000000087d00000| Complete |  0
|  86|0x0000000087e00000, 0x0000000087f00000, 0x0000000087f00000|100%|HS|  |TAMS 0x0000000087e00000| PB 0x0000000087e00000| Complete |  0
|  87|0x0000000087f00000, 0x0000000088000000, 0x0000000088000000|100%|HC|  |TAMS 0x0000000087f00000| PB 0x0000000087f00000| Complete |  0
|  88|0x0000000088000000, 0x0000000088100000, 0x0000000088100000|100%|HC|  |TAMS 0x0000000088000000| PB 0x0000000088000000| Complete |  0
|  89|0x0000000088100000, 0x0000000088200000, 0x0000000088200000|100%|HC|  |TAMS 0x0000000088100000| PB 0x0000000088100000| Complete |  0
|  90|0x0000000088200000, 0x0000000088300000, 0x0000000088300000|100%|HC|  |TAMS 0x0000000088200000| PB 0x0000000088200000| Complete |  0
|  91|0x0000000088300000, 0x0000000088400000, 0x0000000088400000|100%|HC|  |TAMS 0x0000000088300000| PB 0x0000000088300000| Complete |  0
|  92|0x0000000088400000, 0x0000000088500000, 0x0000000088500000|100%|HC|  |TAMS 0x0000000088400000| PB 0x0000000088400000| Complete |  0
|  93|0x0000000088500000, 0x0000000088600000, 0x0000000088600000|100%|HC|  |TAMS 0x0000000088500000| PB 0x0000000088500000| Complete |  0
|  94|0x0000000088600000, 0x0000000088600000, 0x0000000088700000|  0%| F|  |TAMS 0x0000000088600000| PB 0x0000000088600000| Untracked |  0
|  95|0x0000000088700000, 0x0000000088700000, 0x0000000088800000|  0%| F|  |TAMS 0x0000000088700000| PB 0x0000000088700000| Untracked |  0
|  96|0x0000000088800000, 0x0000000088800000, 0x0000000088900000|  0%| F|  |TAMS 0x0000000088800000| PB 0x0000000088800000| Untracked |  0
|  97|0x0000000088900000, 0x0000000088900000, 0x0000000088a00000|  0%| F|  |TAMS 0x0000000088900000| PB 0x0000000088900000| Untracked |  0
|  98|0x0000000088a00000, 0x0000000088a00000, 0x0000000088b00000|  0%| F|  |TAMS 0x0000000088a00000| PB 0x0000000088a00000| Untracked |  0
|  99|0x0000000088b00000, 0x0000000088b00000, 0x0000000088c00000|  0%| F|  |TAMS 0x0000000088b00000| PB 0x0000000088b00000| Untracked |  0
| 100|0x0000000088c00000, 0x0000000088c00000, 0x0000000088d00000|  0%| F|  |TAMS 0x0000000088c00000| PB 0x0000000088c00000| Untracked |  0
| 101|0x0000000088d00000, 0x0000000088d00000, 0x0000000088e00000|  0%| F|  |TAMS 0x0000000088d00000| PB 0x0000000088d00000| Untracked |  0
| 102|0x0000000088e00000, 0x0000000088e00000, 0x0000000088f00000|  0%| F|  |TAMS 0x0000000088e00000| PB 0x0000000088e00000| Untracked |  0
| 103|0x0000000088f00000, 0x0000000088f00000, 0x0000000089000000|  0%| F|  |TAMS 0x0000000088f00000| PB 0x0000000088f00000| Untracked |  0
| 104|0x0000000089000000, 0x0000000089000000, 0x0000000089100000|  0%| F|  |TAMS 0x0000000089000000| PB 0x0000000089000000| Untracked |  0
| 105|0x0000000089100000, 0x00000000891bc5a0, 0x0000000089200000| 73%| S|CS|TAMS 0x0000000089100000| PB 0x0000000089100000| Complete |  0
| 106|0x0000000089200000, 0x0000000089200000, 0x0000000089300000|  0%| F|  |TAMS 0x0000000089200000| PB 0x0000000089200000| Untracked |  0
| 107|0x0000000089300000, 0x0000000089300000, 0x0000000089400000|  0%| F|  |TAMS 0x0000000089300000| PB 0x0000000089300000| Untracked |  0
| 108|0x0000000089400000, 0x0000000089400000, 0x0000000089500000|  0%| F|  |TAMS 0x0000000089400000| PB 0x0000000089400000| Untracked |  0
| 109|0x0000000089500000, 0x0000000089500000, 0x0000000089600000|  0%| F|  |TAMS 0x0000000089500000| PB 0x0000000089500000| Untracked |  0
| 110|0x0000000089600000, 0x0000000089600000, 0x0000000089700000|  0%| F|  |TAMS 0x0000000089600000| PB 0x0000000089600000| Untracked |  0
| 111|0x0000000089700000, 0x0000000089700000, 0x0000000089800000|  0%| F|  |TAMS 0x0000000089700000| PB 0x0000000089700000| Untracked |  0
| 112|0x0000000089800000, 0x0000000089800000, 0x0000000089900000|  0%| F|  |TAMS 0x0000000089800000| PB 0x0000000089800000| Untracked |  0
| 113|0x0000000089900000, 0x0000000089900000, 0x0000000089a00000|  0%| F|  |TAMS 0x0000000089900000| PB 0x0000000089900000| Untracked |  0
| 114|0x0000000089a00000, 0x0000000089a00000, 0x0000000089b00000|  0%| F|  |TAMS 0x0000000089a00000| PB 0x0000000089a00000| Untracked |  0
| 115|0x0000000089b00000, 0x0000000089b00000, 0x0000000089c00000|  0%| F|  |TAMS 0x0000000089b00000| PB 0x0000000089b00000| Untracked |  0
| 116|0x0000000089c00000, 0x0000000089c00000, 0x0000000089d00000|  0%| F|  |TAMS 0x0000000089c00000| PB 0x0000000089c00000| Untracked |  0
| 117|0x0000000089d00000, 0x0000000089d00000, 0x0000000089e00000|  0%| F|  |TAMS 0x0000000089d00000| PB 0x0000000089d00000| Untracked |  0
| 118|0x0000000089e00000, 0x0000000089e00000, 0x0000000089f00000|  0%| F|  |TAMS 0x0000000089e00000| PB 0x0000000089e00000| Untracked |  0
| 119|0x0000000089f00000, 0x0000000089f00000, 0x000000008a000000|  0%| F|  |TAMS 0x0000000089f00000| PB 0x0000000089f00000| Untracked |  0
| 120|0x000000008a000000, 0x000000008a100000, 0x000000008a100000|100%| E|  |TAMS 0x000000008a000000| PB 0x000000008a000000| Complete |  0
| 121|0x000000008a100000, 0x000000008a200000, 0x000000008a200000|100%| E|CS|TAMS 0x000000008a100000| PB 0x000000008a100000| Complete |  0
| 122|0x000000008a200000, 0x000000008a300000, 0x000000008a300000|100%| E|CS|TAMS 0x000000008a200000| PB 0x000000008a200000| Complete |  0
| 123|0x000000008a300000, 0x000000008a400000, 0x000000008a400000|100%| E|CS|TAMS 0x000000008a300000| PB 0x000000008a300000| Complete |  0
| 124|0x000000008a400000, 0x000000008a500000, 0x000000008a500000|100%| E|CS|TAMS 0x000000008a400000| PB 0x000000008a400000| Complete |  0
| 125|0x000000008a500000, 0x000000008a600000, 0x000000008a600000|100%| E|CS|TAMS 0x000000008a500000| PB 0x000000008a500000| Complete |  0
| 126|0x000000008a600000, 0x000000008a700000, 0x000000008a700000|100%| E|CS|TAMS 0x000000008a600000| PB 0x000000008a600000| Complete |  0
|2006|0x00000000ffe00000, 0x00000000fff00000, 0x00000000fff00000|100%| O|  |TAMS 0x00000000ffe00000| PB 0x00000000ffe00000| Untracked |  0
|2007|0x00000000fff00000, 0x00000000fff1d248, 0x0000000100000000| 11%| O|Cm|TAMS 0x00000000fff00000| PB 0x00000000fff00000| Complete |  0

Card table byte_map: [0x0000024257500000,0x00000242578f0000] _byte_map_base: 0x00000242570ec000

Marking Bits: (CMBitMap*) 0x000002423f8bdbe0
 Bits: [0x00000242578f0000, 0x0000024259850000)

Polling page: 0x000002423d690000

Metaspace:

Usage:
  Non-class:      8.77 MB used.
      Class:    961.36 KB used.
       Both:      9.71 MB used.

Virtual space:
  Non-class space:       64.00 MB reserved,       8.88 MB ( 14%) committed,  1 nodes.
      Class space:        1.00 GB reserved,       1.00 MB ( <1%) committed,  1 nodes.
             Both:        1.06 GB reserved,       9.88 MB ( <1%) committed. 

Chunk freelists:
   Non-Class:  7.00 MB
       Class:  15.00 MB
        Both:  22.00 MB

MaxMetaspaceSize: unlimited
CompressedClassSpaceSize: 1.00 GB
Initial GC threshold: 21.00 MB
Current GC threshold: 21.00 MB
CDS: on
 - commit_granule_bytes: 65536.
 - commit_granule_words: 8192.
 - virtual_space_node_default_size: 8388608.
 - enlarge_chunks_in_place: 1.
UseCompressedClassPointers 1, UseCompactObjectHeaders 0
Narrow klass pointer bits 32, Max shift 3
Narrow klass base: 0x000002425c000000, Narrow klass shift: 0
Encoding Range: [0x000002425c000000 - 0x000002435c000000), (4294967296 bytes)
Klass Range:    [0x000002425c000000 - 0x000002429d000000), (1090519040 bytes)
Klass ID Range:  [8 - 1090519033) (1090519025)


Internal statistics:

num_allocs_failed_limit: 0.
num_arena_births: 124.
num_arena_deaths: 0.
num_vsnodes_births: 2.
num_vsnodes_deaths: 0.
num_space_committed: 158.
num_space_uncommitted: 0.
num_chunks_returned_to_freelist: 0.
num_chunks_taken_from_freelist: 172.
num_chunk_merges: 0.
num_chunk_splits: 99.
num_chunks_enlarged: 48.
num_inconsistent_stats: 0.

CodeHeap 'non-profiled nmethods': size=120064Kb used=435Kb max_used=435Kb free=119628Kb
 bounds [0x000002424fbd0000, 0x000002424fe40000, 0x0000024257110000]
CodeHeap 'profiled nmethods': size=120000Kb used=2121Kb max_used=2121Kb free=117878Kb
 bounds [0x0000024248110000, 0x0000024248380000, 0x000002424f640000]
CodeHeap 'non-nmethods': size=5696Kb used=1507Kb max_used=1527Kb free=4188Kb
 bounds [0x000002424f640000, 0x000002424f8b0000, 0x000002424fbd0000]
CodeCache: size=245760Kb, used=4063Kb, max_used=4083Kb, free=241694Kb
 total_blobs=2130, nmethods=1451, adapters=585, full_count=0
Compilation: enabled, stopped_count=0, restarted_count=0

Compilation events (20 events):
Event: 190.731 Thread 0x00000242a1020090 nmethod 1416% 0x000002424fc3ae08 code [0x000002424fc3af20, 0x000002424fc3b170]
Event: 190.735 Thread 0x00000242a1020c30 nmethod 1423 0x0000024248319208 code [0x0000024248319480, 0x000002424831ad28]
Event: 190.735 Thread 0x00000242a1020c30 1424       1       java.awt.geom.AffineTransform::getShearY (5 bytes)
Event: 190.735 Thread 0x00000242a1020c30 nmethod 1424 0x000002424fc3b188 code [0x000002424fc3b280, 0x000002424fc3b348]
Event: 190.737 Thread 0x00000242a1020090 1425 %     4       sun.java2d.marlin.Renderer::_endRendering @ 272 (2646 bytes)
Event: 190.738 Thread 0x00000242a1020c30 1426       3       sun.awt.image.SunVolatileImage::getWidth (5 bytes)
Event: 190.738 Thread 0x00000242a1020c30 nmethod 1426 0x000002424831ae08 code [0x000002424831af20, 0x000002424831b050]
Event: 190.738 Thread 0x00000242a1020c30 1427       3       sun.awt.image.SunVolatileImage::getHeight (5 bytes)
Event: 190.738 Thread 0x00000242a1020c30 nmethod 1427 0x000002424831b108 code [0x000002424831b220, 0x000002424831b350]
Event: 190.740 Thread 0x00000242a1020c30 1428       3       sun.java2d.pipe.AlphaColorPipe::renderPathTile (39 bytes)
Event: 190.741 Thread 0x00000242a1020c30 nmethod 1428 0x000002424831b408 code [0x000002424831b540, 0x000002424831b880]
Event: 190.741 Thread 0x00000242a1020c30 1429       1       java.awt.MultipleGradientPaint::getTransparency (5 bytes)
Event: 190.741 Thread 0x00000242a1020c30 nmethod 1429 0x000002424fc3b488 code [0x000002424fc3b580, 0x000002424fc3b648]
Event: 190.741 Thread 0x00000242a1020c30 1430       3       sun.java2d.marlin.TransformingPathConsumer2D$PathClipFilter::lineTo (259 bytes)
Event: 190.742 Thread 0x00000242a1020c30 nmethod 1430 0x000002424831b908 code [0x000002424831bac0, 0x000002424831c380]
Event: 190.742 Thread 0x00000242a1020c30 1431       3       sun.java2d.marlin.Renderer::lineTo (41 bytes)
Event: 190.743 Thread 0x00000242a1020c30 nmethod 1431 0x000002424831c408 code [0x000002424831c560, 0x000002424831c7d0]
Event: 190.743 Thread 0x00000242a1020c30 1432       3       sun.java2d.marlin.TransformingPathConsumer2D$PathClipFilter::curveTo (317 bytes)
Event: 190.745 Thread 0x00000242a1020c30 nmethod 1432 0x000002424831c808 code [0x000002424831c9e0, 0x000002424831d440]
Event: 190.745 Thread 0x00000242a1020c30 1433       3       sun.java2d.marlin.Renderer::curveTo (84 bytes)

GC Heap History (6 events):
Event: 0.885 GC heap before
{Heap before GC invocations=0 (full 0):
 garbage-first heap   total reserved 2056192K, committed 131072K, used 14452K [0x0000000082800000, 0x0000000100000000)
  region size 1024K, 14 young (14336K), 0 survivors (0K)
 Metaspace       used 8872K, committed 9088K, reserved 1114112K
  class space    used 865K, committed 960K, reserved 1048576K
}
Event: 0.890 GC heap after
{Heap after GC invocations=1 (full 0):
 garbage-first heap   total reserved 2056192K, committed 131072K, used 3741K [0x0000000082800000, 0x0000000100000000)
  region size 1024K, 3 young (3072K), 3 survivors (3072K)
 Metaspace       used 8872K, committed 9088K, reserved 1114112K
  class space    used 865K, committed 960K, reserved 1048576K
}
Event: 1.072 GC heap before
{Heap before GC invocations=1 (full 0):
 garbage-first heap   total reserved 2056192K, committed 131072K, used 126621K [0x0000000082800000, 0x0000000100000000)
  region size 1024K, 55 young (56320K), 3 survivors (3072K)
 Metaspace       used 8886K, committed 9152K, reserved 1114112K
  class space    used 865K, committed 960K, reserved 1048576K
}
Event: 1.075 GC heap after
{Heap after GC invocations=2 (full 0):
 garbage-first heap   total reserved 2056192K, committed 132096K, used 74456K [0x0000000082800000, 0x0000000100000000)
  region size 1024K, 3 young (3072K), 3 survivors (3072K)
 Metaspace       used 8886K, committed 9152K, reserved 1114112K
  class space    used 865K, committed 960K, reserved 1048576K
}
Event: 1.555 GC heap before
{Heap before GC invocations=2 (full 0):
 garbage-first heap   total reserved 2056192K, committed 132096K, used 93912K [0x0000000082800000, 0x0000000100000000)
  region size 1024K, 23 young (23552K), 3 survivors (3072K)
 Metaspace       used 9096K, committed 9280K, reserved 1114112K
  class space    used 890K, committed 960K, reserved 1048576K
}
Event: 1.559 GC heap after
{Heap after GC invocations=3 (full 0):
 garbage-first heap   total reserved 2056192K, committed 132096K, used 75121K [0x0000000082800000, 0x0000000100000000)
  region size 1024K, 1 young (1024K), 1 survivors (1024K)
 Metaspace       used 9096K, committed 9280K, reserved 1114112K
  class space    used 890K, committed 960K, reserved 1048576K
}

Dll operation events (10 events):
Event: 0.020 Loaded shared library C:\Program Files\Java\jdk-24\bin\java.dll
Event: 0.058 Loaded shared library C:\Program Files\Java\jdk-24\bin\jsvml.dll
Event: 0.107 Loaded shared library C:\Program Files\Java\jdk-24\bin\net.dll
Event: 0.110 Loaded shared library C:\Program Files\Java\jdk-24\bin\nio.dll
Event: 0.156 Loaded shared library C:\Program Files\Java\jdk-24\bin\jimage.dll
Event: 0.168 Loaded shared library C:\Program Files\Java\jdk-24\bin\awt.dll
Event: 0.361 Loaded shared library C:\Program Files\Java\jdk-24\bin\freetype.dll
Event: 0.363 Loaded shared library C:\Program Files\Java\jdk-24\bin\fontmanager.dll
Event: 0.637 Loaded shared library C:\Program Files\Java\jdk-24\bin\zip.dll
Event: 0.790 Loaded shared library C:\Program Files\Java\jdk-24\bin\javajpeg.dll

Deoptimization events (20 events):
Event: 1.815 Thread 0x00000242a186f6c0 Uncommon trap: trap_request=0xffffff4d fr.pc=0x000002424fc1d748 relative=0x0000000000001168
Event: 1.815 Thread 0x00000242a186f6c0 Uncommon trap: reason=unstable_if action=reinterpret pc=0x000002424fc1d748 method=java.awt.image.ReplicateScaleFilter.setPixels(IIIILjava/awt/image/ColorModel;[III)V @ 4 c2
Event: 1.815 Thread 0x00000242a186f6c0 DEOPT PACKING pc=0x000002424fc1d748 sp=0x0000004df97fe980
Event: 1.815 Thread 0x00000242a186f6c0 DEOPT UNPACKING pc=0x000002424f752382 sp=0x0000004df97fe810 mode 2
Event: 1.981 Thread 0x000002425bd62e80 DEOPT PACKING pc=0x00000242482b2006 sp=0x0000004df9cfd3a0
Event: 1.981 Thread 0x000002425bd62e80 DEOPT UNPACKING pc=0x000002424f695722 sp=0x0000004df9cfc818 mode 0
Event: 1.984 Thread 0x000002425bd62e80 DEOPT PACKING pc=0x00000242482b2006 sp=0x0000004df9cfd3a0
Event: 1.984 Thread 0x000002425bd62e80 DEOPT UNPACKING pc=0x000002424f695722 sp=0x0000004df9cfc818 mode 0
Event: 1.985 Thread 0x000002425bd62e80 DEOPT PACKING pc=0x00000242482b2006 sp=0x0000004df9cfd3a0
Event: 1.985 Thread 0x000002425bd62e80 DEOPT UNPACKING pc=0x000002424f695722 sp=0x0000004df9cfc818 mode 0
Event: 1.988 Thread 0x000002425bd62e80 DEOPT PACKING pc=0x00000242482b2006 sp=0x0000004df9cfd3a0
Event: 1.988 Thread 0x000002425bd62e80 DEOPT UNPACKING pc=0x000002424f695722 sp=0x0000004df9cfc818 mode 0
Event: 1.991 Thread 0x000002425bd62e80 DEOPT PACKING pc=0x00000242482b2006 sp=0x0000004df9cfd3a0
Event: 1.991 Thread 0x000002425bd62e80 DEOPT UNPACKING pc=0x000002424f695722 sp=0x0000004df9cfc818 mode 0
Event: 2.001 Thread 0x000002425bd62e80 DEOPT PACKING pc=0x00000242482b1ae4 sp=0x0000004df9cfd1f0
Event: 2.001 Thread 0x000002425bd62e80 DEOPT UNPACKING pc=0x000002424f695722 sp=0x0000004df9cfc678 mode 0
Event: 2.006 Thread 0x000002425bd62e80 DEOPT PACKING pc=0x00000242482b1ae4 sp=0x0000004df9cfd1f0
Event: 2.006 Thread 0x000002425bd62e80 DEOPT UNPACKING pc=0x000002424f695722 sp=0x0000004df9cfc678 mode 0
Event: 190.745 Thread 0x000002425bd62e80 DEOPT PACKING pc=0x00000242482c6539 sp=0x0000004df9cfd100
Event: 190.745 Thread 0x000002425bd62e80 DEOPT UNPACKING pc=0x000002424f695722 sp=0x0000004df9cfc5b0 mode 0

Classes loaded (20 events):
Event: 1.970 Loading class java/text/AttributedString$AttributedStringIterator
Event: 1.972 Loading class java/text/AttributedCharacterIterator
Event: 1.972 Loading class java/text/CharacterIterator
Event: 1.973 Loading class java/text/CharacterIterator done
Event: 1.973 Loading class java/text/AttributedCharacterIterator done
Event: 1.973 Loading class java/text/AttributedString$AttributedStringIterator done
Event: 2.011 Loading class java/util/concurrent/locks/AbstractQueuedSynchronizer$ExclusiveNode
Event: 2.012 Loading class java/util/concurrent/locks/AbstractQueuedSynchronizer$Node
Event: 2.012 Loading class java/util/concurrent/locks/AbstractQueuedSynchronizer$Node done
Event: 2.012 Loading class java/util/concurrent/locks/AbstractQueuedSynchronizer$ExclusiveNode done
Event: 2.012 Loading class java/util/concurrent/locks/AbstractQueuedSynchronizer$ConditionNode
Event: 2.012 Loading class java/util/concurrent/ForkJoinPool$ManagedBlocker
Event: 2.012 Loading class java/util/concurrent/ForkJoinPool$ManagedBlocker done
Event: 2.012 Loading class java/util/concurrent/locks/AbstractQueuedSynchronizer$ConditionNode done
Event: 190.201 Loading class java/util/WeakHashMap$KeyIterator
Event: 190.225 Loading class java/util/WeakHashMap$HashIterator
Event: 190.225 Loading class java/util/WeakHashMap$HashIterator done
Event: 190.225 Loading class java/util/WeakHashMap$KeyIterator done
Event: 190.226 Loading class javax/swing/RepaintManager$DisplayChangedRunnable
Event: 190.226 Loading class javax/swing/RepaintManager$DisplayChangedRunnable done

Classes unloaded (0 events):
No events

Classes redefined (0 events):
No events

Internal exceptions (20 events):
Event: 0.473 Thread 0x000002423d55d4c0 Exception <a 'java/lang/ClassNotFoundException'{0x0000000089da5260}: ToolBarSeparator> (0x0000000089da5260) 
thrown [s\open\src\hotspot\share\classfile\systemDictionary.cpp, line 327]
Event: 0.474 Thread 0x000002423d55d4c0 Exception <a 'java/lang/ClassNotFoundException'{0x0000000089da5778}: ToolTip> (0x0000000089da5778) 
thrown [s\open\src\hotspot\share\classfile\systemDictionary.cpp, line 327]
Event: 0.475 Thread 0x000002423d55d4c0 Exception <a 'java/lang/ClassNotFoundException'{0x0000000089da60c8}: Tree> (0x0000000089da60c8) 
thrown [s\open\src\hotspot\share\classfile\systemDictionary.cpp, line 327]
Event: 0.475 Thread 0x000002423d55d4c0 Exception <a 'java/lang/ClassNotFoundException'{0x0000000089da65c0}: Tree> (0x0000000089da65c0) 
thrown [s\open\src\hotspot\share\classfile\systemDictionary.cpp, line 327]
Event: 0.475 Thread 0x000002423d55d4c0 Exception <a 'java/lang/ClassNotFoundException'{0x0000000089da6930}: javax/swing/JTreeCell> (0x0000000089da6930) 
thrown [s\open\src\hotspot\share\classfile\systemDictionary.cpp, line 327]
Event: 0.475 Thread 0x000002423d55d4c0 Exception <a 'java/lang/ClassNotFoundException'{0x0000000089da6c38}: TreeCell> (0x0000000089da6c38) 
thrown [s\open\src\hotspot\share\classfile\systemDictionary.cpp, line 327]
Event: 0.476 Thread 0x000002423d55d4c0 Exception <a 'java/lang/ClassNotFoundException'{0x0000000089da73d0}: RootPane> (0x0000000089da73d0) 
thrown [s\open\src\hotspot\share\classfile\systemDictionary.cpp, line 327]
Event: 0.478 Thread 0x000002423d55d4c0 Exception <a 'java/lang/ClassNotFoundException'{0x0000000089daa140}: com/sun/swing/internal/plaf/metal/resources/spi/metalProvider> (0x0000000089daa140) 
thrown [s\open\src\hotspot\share\classfile\systemDictionary.cpp, line 327]
Event: 0.481 Thread 0x000002423d55d4c0 Exception <a 'java/lang/ClassNotFoundException'{0x0000000089dadb50}: com/sun/swing/internal/plaf/basic/resources/spi/basicProvider> (0x0000000089dadb50) 
thrown [s\open\src\hotspot\share\classfile\systemDictionary.cpp, line 327]
Event: 0.544 Thread 0x000002425bd62e80 Exception <a 'java/lang/ClassNotFoundException'{0x0000000089c3e5d8}: com/sun/swing/internal/plaf/synth/resources/spi/synthProvider> (0x0000000089c3e5d8) 
thrown [s\open\src\hotspot\share\classfile\systemDictionary.cpp, line 327]
Event: 0.568 Thread 0x000002425bd62e80 Exception <a 'java/lang/NoSuchMethodError'{0x0000000089b0f018}: 'int java.lang.invoke.Invokers$Holder.invokeExact_MT(java.lang.Object, java.lang.Object)'> (0x0000000089b0f018) 
thrown [s\open\src\hotspot\share\interpreter\linkResolver.cpp, line 805]
Event: 0.573 Thread 0x000002425bd62e80 Exception <a 'java/lang/NoSuchMethodError'{0x0000000089b1b430}: 'java.lang.Object java.lang.invoke.DirectMethodHandle$Holder.newInvokeSpecial(java.lang.Object, java.lang.Object, int)'> (0x0000000089b1b430) 
thrown [s\open\src\hotspot\share\interpreter\linkResolver.cpp, line 805]
Event: 0.577 Thread 0x000002425bd62e80 Exception <a 'java/lang/NoSuchMethodError'{0x0000000089b34d68}: 'java.lang.Object java.lang.invoke.DirectMethodHandle$Holder.invokeStatic(java.lang.Object, java.lang.Object, java.lang.Object, java.lang.Object, int)'> (0x0000000089b34d68) 
thrown [s\open\src\hotspot\share\interpreter\linkResolver.cpp, line 805]
Event: 0.580 Thread 0x000002425bd62e80 Exception <a 'java/lang/NoSuchMethodError'{0x0000000089b4f0b0}: 'int java.lang.invoke.DirectMethodHandle$Holder.invokeSpecial(java.lang.Object, java.lang.Object, java.lang.Object)'> (0x0000000089b4f0b0) 
thrown [s\open\src\hotspot\share\interpreter\linkResolver.cpp, line 805]
Event: 0.713 Thread 0x000002425bd63d20 Exception <a 'java/lang/NoSuchMethodError'{0x000000008a10fc80}: 'void java.lang.invoke.DirectMethodHandle$Holder.invokeVirtual(java.lang.Object, java.lang.Object)'> (0x000000008a10fc80) 
thrown [s\open\src\hotspot\share\interpreter\linkResolver.cpp, line 805]
Event: 0.735 Thread 0x000002425bd62e80 Exception <a 'java/lang/NoSuchMethodError'{0x0000000089bad5c0}: 'void java.lang.invoke.DirectMethodHandle$Holder.invokeStaticInit(java.lang.Object)'> (0x0000000089bad5c0) 
thrown [s\open\src\hotspot\share\interpreter\linkResolver.cpp, line 805]
Event: 0.768 Thread 0x000002425bd62e80 Exception <a 'java/lang/NoSuchMethodError'{0x000000008980ef58}: 'void java.lang.invoke.DelegatingMethodHandle$Holder.reinvoke_L(java.lang.Object, java.lang.Object, java.lang.Object, java.lang.Object, long, long, float)'> (0x000000008980ef58) 
thrown [s\open\src\hotspot\share\interpreter\linkResolver.cpp, line 805]
Event: 0.770 Thread 0x000002425bd62e80 Exception <a 'java/lang/NoSuchMethodError'{0x000000008982f110}: 'java.lang.Object java.lang.invoke.DirectMethodHandle$Holder.invokeStatic(java.lang.Object, java.lang.Object, java.lang.Object, java.lang.Object, java.lang.Object, long)'> (0x000000008982f110) 
thrown [s\open\src\hotspot\share\interpreter\linkResolver.cpp, line 805]
Event: 0.774 Thread 0x000002425bd62e80 Exception <a 'java/lang/NoSuchMethodError'{0x0000000089872b98}: 'float java.lang.invoke.DelegatingMethodHandle$Holder.reinvoke_L(java.lang.Object, java.lang.Object, java.lang.Object, java.lang.Object, long, long)'> (0x0000000089872b98) 
thrown [s\open\src\hotspot\share\interpreter\linkResolver.cpp, line 805]
Event: 1.815 Thread 0x00000242a186f6c0 Implicit null exception at 0x000002424fc1c914 to 0x000002424fc1d710

VM Operations (20 events):
Event: 0.885 Executing VM operation: G1TryInitiateConcMark (G1 Humongous Allocation)
Event: 0.890 Executing VM operation: G1TryInitiateConcMark (G1 Humongous Allocation) done
Event: 1.072 Executing VM operation: G1CollectForAllocation (G1 Evacuation Pause)
Event: 1.075 Executing VM operation: G1CollectForAllocation (G1 Evacuation Pause) done
Event: 1.240 Executing VM operation: HandshakeAllThreads (Deoptimize)
Event: 1.240 Executing VM operation: HandshakeAllThreads (Deoptimize) done
Event: 1.555 Executing VM operation: G1TryInitiateConcMark (G1 Humongous Allocation)
Event: 1.559 Executing VM operation: G1TryInitiateConcMark (G1 Humongous Allocation) done
Event: 1.565 Executing VM operation: G1PauseRemark
Event: 1.567 Executing VM operation: G1PauseRemark done
Event: 1.570 Executing VM operation: G1PauseCleanup
Event: 1.570 Executing VM operation: G1PauseCleanup done
Event: 1.574 Executing VM operation: HandshakeAllThreads (Deoptimize)
Event: 1.574 Executing VM operation: HandshakeAllThreads (Deoptimize) done
Event: 1.648 Executing VM operation: HandshakeAllThreads (Deoptimize)
Event: 1.648 Executing VM operation: HandshakeAllThreads (Deoptimize) done
Event: 60.094 Executing VM operation: HandshakeAllThreads (HandshakeForDeflation)
Event: 60.094 Executing VM operation: HandshakeAllThreads (HandshakeForDeflation) done
Event: 60.094 Executing VM operation: RendezvousGCThreads
Event: 60.094 Executing VM operation: RendezvousGCThreads done

Memory protections (0 events):
No events

Nmethod flushes (0 events):
No events

Events (20 events):
Event: 0.055 Thread 0x000002423d55d4c0 Thread added: 0x000002425bd64470
Event: 0.055 Thread 0x000002423d55d4c0 Thread added: 0x000002425bd64bc0
Event: 0.055 Thread 0x000002423d55d4c0 Thread added: 0x00000242a1020090
Event: 0.056 Thread 0x000002423d55d4c0 Thread added: 0x00000242a1020c30
Event: 0.104 Thread 0x000002423d55d4c0 Thread added: 0x000002425bd61890
Event: 0.127 Thread 0x00000242a1020c30 Thread added: 0x00000242a118f890
Event: 0.131 Thread 0x000002423d55d4c0 Thread added: 0x000002425bd62730
Event: 0.231 Thread 0x000002423d55d4c0 Thread added: 0x000002425bd635d0
Event: 0.232 Thread 0x000002423d55d4c0 Thread added: 0x000002425bd61fe0
Event: 0.233 Thread 0x000002423d55d4c0 Thread added: 0x000002425bd63d20
Event: 0.527 Thread 0x000002423d55d4c0 Thread added: 0x000002425bd62e80
Event: 0.527 Thread 0x000002423d55d4c0 Thread exited: 0x000002423d55d4c0
Event: 0.527 Thread 0x00000242a186ef70 Thread added: 0x00000242a186ef70
Event: 0.539 Thread 0x00000242a118f890 Thread exited: 0x00000242a118f890
Event: 0.613 Thread 0x000002425bd62e80 Thread added: 0x00000242a186f6c0
Event: 0.676 Thread 0x00000242a1020c30 Thread added: 0x00000242a18b2c50
Event: 0.924 Thread 0x00000242a18b2c50 Thread exited: 0x00000242a18b2c50
Event: 1.688 Thread 0x00000242a1020c30 Thread added: 0x00000242a1a6cce0
Event: 1.852 Thread 0x00000242a1a6cce0 Thread exited: 0x00000242a1a6cce0
Event: 6.962 Thread 0x00000242a186f6c0 Thread exited: 0x00000242a186f6c0


Dynamic libraries:
0x00007ff670960000 - 0x00007ff670970000 	C:\Program Files\Java\jdk-24\bin\java.exe
0x00007ffeed180000 - 0x00007ffeed3e8000 	C:\WINDOWS\SYSTEM32\ntdll.dll
0x00007ffeec0d0000 - 0x00007ffeec199000 	C:\WINDOWS\System32\KERNEL32.DLL
0x00007ffeea470000 - 0x00007ffeea862000 	C:\WINDOWS\System32\KERNELBASE.dll
0x00007ffeea870000 - 0x00007ffeea9bb000 	C:\WINDOWS\System32\ucrtbase.dll
0x00007ffeb19b0000 - 0x00007ffeb19c6000 	C:\Program Files\Java\jdk-24\bin\jli.dll
0x00007ffeeb6e0000 - 0x00007ffeeb8a5000 	C:\WINDOWS\System32\USER32.dll
0x00007ffeeab30000 - 0x00007ffeeab57000 	C:\WINDOWS\System32\win32u.dll
0x00007ffeeb0f0000 - 0x00007ffeeb11b000 	C:\WINDOWS\System32\GDI32.dll
0x00007ffeeab60000 - 0x00007ffeeac8d000 	C:\WINDOWS\System32\gdi32full.dll
0x00007ffeeaea0000 - 0x00007ffeeaf43000 	C:\WINDOWS\System32\msvcp_win.dll
0x00007ffedba30000 - 0x00007ffedba4b000 	C:\Program Files\Java\jdk-24\bin\VCRUNTIME140.dll
0x00007ffed3610000 - 0x00007ffed38a3000 	C:\WINDOWS\WinSxS\amd64_microsoft.windows.common-controls_6595b64144ccf1df_6.0.26100.6899_none_3e0efeeae32e88c1\COMCTL32.dll
0x00007ffeec800000 - 0x00007ffeec8a9000 	C:\WINDOWS\System32\msvcrt.dll
0x00007ffeec7c0000 - 0x00007ffeec7ef000 	C:\WINDOWS\System32\IMM32.DLL
0x00007ffedc7a0000 - 0x00007ffedc7ac000 	C:\Program Files\Java\jdk-24\bin\vcruntime140_1.dll
0x00007ffeb0440000 - 0x00007ffeb04ce000 	C:\Program Files\Java\jdk-24\bin\msvcp140.dll
0x00007ffe86270000 - 0x00007ffe87011000 	C:\Program Files\Java\jdk-24\bin\server\jvm.dll
0x00007ffeeaf50000 - 0x00007ffeeb004000 	C:\WINDOWS\System32\ADVAPI32.dll
0x00007ffeeb580000 - 0x00007ffeeb626000 	C:\WINDOWS\System32\sechost.dll
0x00007ffeeb460000 - 0x00007ffeeb578000 	C:\WINDOWS\System32\RPCRT4.dll
0x00007ffeed0c0000 - 0x00007ffeed134000 	C:\WINDOWS\System32\WS2_32.dll
0x00007ffeea170000 - 0x00007ffeea1ce000 	C:\WINDOWS\SYSTEM32\POWRPROF.dll
0x00007ffed9440000 - 0x00007ffed9475000 	C:\WINDOWS\SYSTEM32\WINMM.dll
0x00007ffedb9f0000 - 0x00007ffedb9fb000 	C:\WINDOWS\SYSTEM32\VERSION.dll
0x00007ffeea150000 - 0x00007ffeea164000 	C:\WINDOWS\SYSTEM32\UMPDC.dll
0x00007ffee90c0000 - 0x00007ffee90db000 	C:\WINDOWS\SYSTEM32\kernel.appcore.dll
0x00007ffed43a0000 - 0x00007ffed43aa000 	C:\Program Files\Java\jdk-24\bin\jimage.dll
0x00007ffeddda0000 - 0x00007ffeddfe2000 	C:\WINDOWS\SYSTEM32\DBGHELP.DLL
0x00007ffeebd40000 - 0x00007ffeec0bb000 	C:\WINDOWS\System32\combase.dll
0x00007ffeeb010000 - 0x00007ffeeb0e7000 	C:\WINDOWS\System32\OLEAUT32.dll
0x00007ffecbeb0000 - 0x00007ffecbeec000 	C:\WINDOWS\SYSTEM32\dbgcore.DLL
0x00007ffeea3d0000 - 0x00007ffeea468000 	C:\WINDOWS\System32\bcryptPrimitives.dll
0x00007ffed6890000 - 0x00007ffed68ae000 	C:\Program Files\Java\jdk-24\bin\java.dll
0x00007ffeeb2c0000 - 0x00007ffeeb458000 	C:\WINDOWS\System32\ole32.dll
0x00007ffeec970000 - 0x00007ffeed0bd000 	C:\WINDOWS\System32\SHELL32.dll
0x00007ffeea9c0000 - 0x00007ffeeab2b000 	C:\WINDOWS\System32\wintypes.dll
0x00007ffee7f50000 - 0x00007ffee87ad000 	C:\WINDOWS\SYSTEM32\windows.storage.dll
0x00007ffeeb120000 - 0x00007ffeeb212000 	C:\WINDOWS\System32\SHCORE.dll
0x00007ffeec360000 - 0x00007ffeec3c2000 	C:\WINDOWS\System32\shlwapi.dll
0x00007ffeea230000 - 0x00007ffeea259000 	C:\WINDOWS\SYSTEM32\profapi.dll
0x00007ffeb04f0000 - 0x00007ffeb05c7000 	C:\Program Files\Java\jdk-24\bin\jsvml.dll
0x00007ffeb1980000 - 0x00007ffeb1990000 	C:\Program Files\Java\jdk-24\bin\net.dll
0x00007ffee9650000 - 0x00007ffee96bb000 	C:\WINDOWS\system32\mswsock.dll
0x00007ffeb1960000 - 0x00007ffeb1976000 	C:\Program Files\Java\jdk-24\bin\nio.dll
0x00007ffeaf160000 - 0x00007ffeaf2df000 	C:\Program Files\Java\jdk-24\bin\awt.dll
0x00007ffee73b0000 - 0x00007ffee744f000 	C:\WINDOWS\SYSTEM32\apphelp.dll
0x00007ffee75f0000 - 0x00007ffee769a000 	C:\WINDOWS\system32\uxtheme.dll
0x00007ffeec200000 - 0x00007ffeec35b000 	C:\WINDOWS\System32\MSCTF.dll
0x00007ffee78c0000 - 0x00007ffee78ed000 	C:\WINDOWS\system32\DWMAPI.DLL
0x00007ffeb03b0000 - 0x00007ffeb0437000 	C:\Program Files\Java\jdk-24\bin\freetype.dll
0x00007ffe9e160000 - 0x00007ffe9e247000 	C:\Program Files\Java\jdk-24\bin\fontmanager.dll
0x00007ffed4e80000 - 0x00007ffed4f8c000 	C:\WINDOWS\system32\opengl32.dll
0x00007ffedbf40000 - 0x00007ffedbf6d000 	C:\WINDOWS\SYSTEM32\GLU32.dll
0x00007ffee7710000 - 0x00007ffee7754000 	C:\WINDOWS\SYSTEM32\dxcore.dll
0x00007ffeb1990000 - 0x00007ffeb19a7000 	C:\Program Files\Java\jdk-24\bin\zip.dll
0x00007ffeafc60000 - 0x00007ffeafc8e000 	C:\Program Files\Java\jdk-24\bin\javajpeg.dll
0x00007ffed6650000 - 0x00007ffed679a000 	C:\WINDOWS\SYSTEM32\textinputframework.dll
0x00007ffee6ff0000 - 0x00007ffee7115000 	C:\WINDOWS\SYSTEM32\CoreMessaging.dll
0x00007ffee3af0000 - 0x00007ffee3dd3000 	C:\WINDOWS\SYSTEM32\CoreUIComponents.dll
0x00007ffee9920000 - 0x00007ffee992c000 	C:\WINDOWS\SYSTEM32\CRYPTBASE.DLL

JVMTI agents: none

dbghelp: loaded successfully - version: 4.0.5 - missing functions: none
symbol engine: initialized successfully - sym options: 0x614 - pdb path: .;C:\Program Files\Java\jdk-24\bin;C:\WINDOWS\SYSTEM32;C:\WINDOWS\WinSxS\amd64_microsoft.windows.common-controls_6595b64144ccf1df_6.0.26100.6899_none_3e0efeeae32e88c1;C:\Program Files\Java\jdk-24\bin\server

VM Arguments:
jvm_args: -Dfile.encoding=UTF-8 --module-path=D:\Gutierrez\Documentos\NetBeansProjects\PROYECTO_PARCIAL-1\build\classes 
java_command: Proyecto.PanelGeneral
java_class_path (initial): D:\Gutierrez\Documentos\NetBeansProjects\PROYECTO_PARCIAL-1\build\classes
Launcher Type: SUN_STANDARD

[Global flags]
     intx CICompilerCount                          = 3                                         {product} {ergonomic}
     uint ConcGCThreads                            = 1                                         {product} {ergonomic}
     uint G1ConcRefinementThreads                  = 4                                         {product} {ergonomic}
   size_t G1HeapRegionSize                         = 1048576                                   {product} {ergonomic}
   size_t InitialHeapSize                          = 132120576                                 {product} {ergonomic}
   size_t MarkStackSize                            = 4194304                                   {product} {ergonomic}
   size_t MarkStackSizeMax                         = 536870912                                 {product} {ergonomic}
   size_t MaxHeapSize                              = 2105540608                                {product} {ergonomic}
   size_t MaxNewSize                               = 1262485504                                {product} {ergonomic}
   size_t MinHeapDeltaBytes                        = 1048576                                   {product} {ergonomic}
   size_t MinHeapSize                              = 8388608                                   {product} {ergonomic}
    uintx NonNMethodCodeHeapSize                   = 5832704                                {pd product} {ergonomic}
    uintx NonProfiledCodeHeapSize                  = 122945536                              {pd product} {ergonomic}
    uintx ProfiledCodeHeapSize                     = 122880000                              {pd product} {ergonomic}
    uintx ReservedCodeCacheSize                    = 251658240                              {pd product} {ergonomic}
     bool SegmentedCodeCache                       = true                                      {product} {ergonomic}
   size_t SoftMaxHeapSize                          = 2105540608                             {manageable} {ergonomic}
     bool UseCompressedOops                        = true                           {product lp64_product} {ergonomic}
     bool UseG1GC                                  = true                                      {product} {ergonomic}
     bool UseLargePagesIndividualAllocation        = false                                  {pd product} {ergonomic}

Logging:
Log output configuration:
 #0: stdout all=warning uptime,level,tags foldmultilines=false
 #1: stderr all=off uptime,level,tags foldmultilines=false

Environment Variables:
PATH=C:\Program Files\Eclipse Adoptium\jdk-25.0.0.36-hotspot\bin;C:\Program Files\Common Files\Oracle\Java\javapath;C:\Program Files (x86)\Common Files\Oracle\Java\javapath;C:\WINDOWS\system32;C:\WINDOWS;C:\WINDOWS\System32\Wbem;C:\WINDOWS\System32\WindowsPowerShell\v1.0\;C:\WINDOWS\System32\OpenSSH\;C:\WINDOWS\system32;C:\WINDOWS;C:\WINDOWS\System32\Wbem;C:\WINDOWS\System32\WindowsPowerShell\v1.0\;C:\WINDOWS\System32\OpenSSH\;C:\Program Files\Git\cmd;C:\Users\vifer\AppData\Local\Programs\Python\Python313\Scripts\;C:\Users\vifer\AppData\Local\Programs\Python\Python313\;C:\Users\vifer\AppData\Local\Programs\Python\Python312\Scripts\;C:\Users\vifer\AppData\Local\Programs\Python\Python312\;C:\Users\vifer\AppData\Local\Microsoft\WindowsApps;C:\Users\vifer\AppData\Local\GitHubDesktop\bin;C:\Users\vifer\AppData\Local\Programs\Microsoft VS Code\bin
USERNAME=vifer
OS=Windows_NT
PROCESSOR_IDENTIFIER=Intel64 Family 6 Model 142 Stepping 12, GenuineIntel
TMP=C:\Users\vifer\AppData\Local\Temp
TEMP=C:\Users\vifer\AppData\Local\Temp




Periodic native trim disabled

---------------  S Y S T E M  ---------------

OS:
 Windows 11 , 64 bit Build 26100 (10.0.26100.6725)
OS uptime: 1 days 12:23 hours
Hyper-V role detected

CPU: total 4 (initial active 4) (2 cores per cpu, 2 threads per core) family 6 model 142 stepping 12 microcode 0xec, cx8, cmov, fxsr, ht, mmx, 3dnowpref, sse, sse2, sse3, ssse3, sse4.1, sse4.2, popcnt, lzcnt, tsc, tscinvbit, avx, avx2, aes, erms, clmul, bmi1, bmi2, adx, fma, vzeroupper, clflush, clflushopt, hv, rdtscp, f16c
Processor Information for processor 0
  Max Mhz: 2592, Current Mhz: 2093, Mhz Limit: 2073
Processor Information for processor 1
  Max Mhz: 2592, Current Mhz: 2093, Mhz Limit: 2073
Processor Information for processor 2
  Max Mhz: 2592, Current Mhz: 1495, Mhz Limit: 2073
Processor Information for processor 3
  Max Mhz: 2592, Current Mhz: 1495, Mhz Limit: 2073

Memory: 4k page, system-wide physical 8026M (1057M free)
TotalPageFile size 12122M (AvailPageFile size 259M)
current process WorkingSet (physical memory assigned to process): 69M, peak: 255M
current process commit charge ("private bytes"): 228M, peak: 283M

vm_info: Java HotSpot(TM) 64-Bit Server VM (24.0.2+12-54) for windows-amd64 JRE (24.0.2+12-54), built on 2025-07-08T12:10:27Z with MS VC++ 17.6 (VS2022)

END.
